\BOOKMARK [0][-]{chapter.1}{\376\377\000T\036\325\000n\000g\000\040\000q\000u\000a\000n\000\040\000d\036\361\000\040\000\341\000n\000\040\000v\000\340\000\040\000M\000\364\000\040\000h\000\354\000n\000h\000\040\000k\000i\000n\000h\000\040\000d\000o\000a\000n\000h}{}% 1
\BOOKMARK [1][-]{section.1.1}{\376\377\000T\036\325\000n\000g\000\040\000q\000u\000a\000n\000\040\000d\036\361\000\040\000\341\000n\000\040\000v\000\340\000\040\000P\000h\000\342\000n\000\040\000t\000\355\000c\000h\000\040\000t\000h\036\313\000\040\000t\000r\001\260\036\335\000n\000g}{chapter.1}% 2
\BOOKMARK [2][-]{subsection.1.1.1}{\376\377\000G\000i\036\333\000i\000\040\000t\000h\000i\036\307\000u\000\040\000t\036\325\000n\000g\000\040\000q\000u\000a\000n\000\040\000v\036\301\000\040\000d\036\361\000\040\000\341\000n}{section.1.1}% 3
\BOOKMARK [2][-]{subsection.1.1.2}{\376\377\000P\000h\000\342\000n\000\040\000t\000\355\000c\000h\000\040\000t\000h\036\313\000\040\000t\000r\001\260\036\335\000n\000g}{section.1.1}% 4
\BOOKMARK [2][-]{subsection.1.1.3}{\376\377\000N\036\327\000i\000\040\001\021\000a\000u\000\040\000c\036\347\000a\000\040\000k\000h\000\341\000c\000h\000\040\000h\000\340\000n\000g\000\040\000\050\000P\000a\000i\000n\000\040\000P\000o\000i\000n\000t\000s\000\051}{section.1.1}% 5
\BOOKMARK [2][-]{subsection.1.1.4}{\376\377\000P\000h\000\342\000n\000\040\000t\000\355\000c\000h\000\040\000S\000W\000O\000T}{section.1.1}% 6
\BOOKMARK [1][-]{section.1.2}{\376\377\000M\000\364\000\040\000h\000\354\000n\000h\000\040\000k\000i\000n\000h\000\040\000d\000o\000a\000n\000h}{chapter.1}% 7
\BOOKMARK [2][-]{subsection.1.2.1}{\376\377\000B\000u\000s\000i\000n\000e\000s\000s\000\040\000M\000o\000d\000e\000l\000\040\000C\000a\000n\000v\000a\000s\000\040\000\050\000B\000M\000C\000\051}{section.1.2}% 8
\BOOKMARK [2][-]{subsection.1.2.2}{\376\377\000P\000h\000\342\000n\000\040\000t\000\355\000c\000h\000\040\000c\000h\000i\000\040\000t\000i\036\277\000t\000\040\000c\000\341\000c\000\040\000t\000h\000\340\000n\000h\000\040\000p\000h\036\247\000n\000\040\000c\000h\000\355\000n\000h}{section.1.2}% 9
\BOOKMARK [3][-]{subsubsection.1.2.2.1}{\376\377\000V\000a\000l\000u\000e\000\040\000P\000r\000o\000p\000o\000s\000i\000t\000i\000o\000n\000\040\000\050\000G\000i\000\341\000\040\000t\000r\036\313\000\040\000c\036\321\000t\000\040\000l\000\365\000i\000\051}{subsection.1.2.2}% 10
\BOOKMARK [3][-]{subsubsection.1.2.2.2}{\376\377\000C\000u\000s\000t\000o\000m\000e\000r\000\040\000S\000e\000g\000m\000e\000n\000t\000s\000\040\000\050\000P\000h\000\342\000n\000\040\000k\000h\000\372\000c\000\040\000k\000h\000\341\000c\000h\000\040\000h\000\340\000n\000g\000\051}{subsection.1.2.2}% 11
\BOOKMARK [3][-]{subsubsection.1.2.2.3}{\376\377\000R\000e\000v\000e\000n\000u\000e\000\040\000S\000t\000r\000e\000a\000m\000s\000\040\000\050\000D\000\362\000n\000g\000\040\000d\000o\000a\000n\000h\000\040\000t\000h\000u\000\051}{subsection.1.2.2}% 12
\BOOKMARK [3][-]{subsubsection.1.2.2.4}{\376\377\000K\000e\000y\000\040\000R\000e\000s\000o\000u\000r\000c\000e\000s\000,\000\040\000K\000e\000y\000\040\000A\000c\000t\000i\000v\000i\000t\000i\000e\000s\000,\000\040\000K\000e\000y\000\040\000P\000a\000r\000t\000n\000e\000r\000s}{subsection.1.2.2}% 13
\BOOKMARK [3][-]{subsubsection.1.2.2.5}{\376\377\000C\000u\000s\000t\000o\000m\000e\000r\000\040\000R\000e\000l\000a\000t\000i\000o\000n\000s\000h\000i\000p\000s\000\040\000\046\000\040\000C\000h\000a\000n\000n\000e\000l\000s}{subsection.1.2.2}% 14
\BOOKMARK [2][-]{subsection.1.2.3}{\376\377\000L\000o\000g\000i\000c\000\040\000v\036\255\000n\000\040\000h\000\340\000n\000h\000\040\000v\000\340\000\040\000s\036\361\000\040\000l\000i\000\352\000n\000\040\000k\036\277\000t\000\040\000g\000i\036\357\000a\000\040\000c\000\341\000c\000\040\000k\000h\036\321\000i}{section.1.2}% 15
\BOOKMARK [0][-]{chapter.2}{\376\377\000C\000h\000i\036\277\000n\000\040\000l\001\260\036\343\000c\000\040\000G\000i\000\341\000\040\000c\036\243\000\040\000-\000\040\000C\036\241\000n\000h\000\040\000t\000r\000a\000n\000h\000\040\000-\000\040\000T\000i\036\277\000p\000\040\000t\000h\036\313\000\040\000v\000\340\000\040\000T\000\340\000i\000\040\000c\000h\000\355\000n\000h\000\040\000-\000\040\000N\000h\000\342\000n\000\040\000s\036\361}{}% 16
\BOOKMARK [1][-]{section.2.1}{\376\377\000C\000h\000i\036\277\000n\000\040\000l\001\260\036\343\000c\000\040\000G\000i\000\341\000\040\000c\036\243\000\040\000v\000\340\000\040\000P\000h\000\342\000n\000\040\000t\000\355\000c\000h\000\040\000C\036\241\000n\000h\000\040\000t\000r\000a\000n\000h}{chapter.2}% 17
\BOOKMARK [2][-]{subsection.2.1.1}{\376\377\000C\000h\000i\036\277\000n\000\040\000l\001\260\036\343\000c\000\040\001\021\036\313\000n\000h\000\040\000g\000i\000\341}{section.2.1}% 18
\BOOKMARK [2][-]{subsection.2.1.2}{\376\377\000P\000h\000\342\000n\000\040\000t\000\355\000c\000h\000\040\000c\036\241\000n\000h\000\040\000t\000r\000a\000n\000h}{section.2.1}% 19
\BOOKMARK [3][-]{subsubsection.2.1.2.1}{\376\377\000M\000a\000\040\000t\000r\036\255\000n\000\040\000c\036\241\000n\000h\000\040\000t\000r\000a\000n\000h\000\040\000\050\000C\000o\000m\000p\000e\000t\000i\000t\000i\000v\000e\000\040\000M\000a\000t\000r\000i\000x\000\051}{subsection.2.1.2}% 20
\BOOKMARK [3][-]{subsubsection.2.1.2.2}{\376\377\000P\000h\000\342\000n\000\040\000t\000\355\000c\000h\000\040\001\021\036\321\000i\000\040\000t\000h\036\347\000\040\000v\000\340\000\040\000l\036\343\000i\000\040\000t\000h\036\277\000\040\000c\036\241\000n\000h\000\040\000t\000r\000a\000n\000h}{subsection.2.1.2}% 21
\BOOKMARK [1][-]{section.2.2}{\376\377\000T\000i\036\277\000p\000\040\000t\000h\036\313\000\040\000v\000\340\000\040\000Q\000u\036\243\000n\000g\000\040\000c\000\341\000o}{chapter.2}% 22
\BOOKMARK [2][-]{subsection.2.2.1}{\376\377\000C\000h\000i\036\277\000n\000\040\000l\001\260\036\343\000c\000\040\000M\000a\000r\000k\000e\000t\000i\000n\000g\000\040\000t\036\325\000n\000g\000\040\000t\000h\036\303}{section.2.2}% 23
\BOOKMARK [2][-]{subsection.2.2.2}{\376\377\000K\036\277\000\040\000h\000o\036\241\000c\000h\000\040\000O\000m\000n\000i\000c\000h\000a\000n\000n\000e\000l\000\040\000M\000a\000r\000k\000e\000t\000i\000n\000g}{section.2.2}% 24
\BOOKMARK [2][-]{subsection.2.2.3}{\376\377\000C\000h\000i\036\277\000n\000\040\000l\001\260\036\343\000c\000\040\000s\000\341\000n\000g\000\040\000t\036\241\000o\000\040\000n\036\331\000i\000\040\000d\000u\000n\000g\000\040\000v\000\340\000\040\000C\000a\000m\000p\000a\000i\000g\000n}{section.2.2}% 25
\BOOKMARK [2][-]{subsection.2.2.4}{\376\377\000M\036\345\000c\000\040\000t\000i\000\352\000u\000\040\000m\000a\000r\000k\000e\000t\000i\000n\000g\000,\000\040\001\021\036\331\000n\000g\000\040\000l\036\361\000c\000\040\000c\000h\036\315\000n\000\040\000k\000\352\000n\000h\000\040\000v\000\340\000\040\000l\000\375\000\040\000d\000o}{section.2.2}% 26
\BOOKMARK [2][-]{subsection.2.2.5}{\376\377\000K\000P\000I\000\040\001\021\000o\000\040\000l\001\260\036\335\000n\000g\000\040\000h\000i\036\307\000u\000\040\000q\000u\036\243\000\040\000\050\000S\000M\000A\000R\000T\000\040\000K\000P\000I\000s\000\051}{section.2.2}% 27
\BOOKMARK [1][-]{section.2.3}{\376\377\000D\036\361\000\040\000t\000o\000\341\000n\000\040\000K\000i\000n\000h\000\040\000p\000h\000\355\000,\000\040\000T\000\340\000i\000\040\000c\000h\000\355\000n\000h\000\040\000v\000\340\000\040\000N\000h\000\342\000n\000\040\000s\036\361}{chapter.2}% 28
\BOOKMARK [2][-]{subsection.2.3.1}{\376\377\000D\036\361\000\040\000t\000o\000\341\000n\000\040\000t\000\340\000i\000\040\000c\000h\000\355\000n\000h}{section.2.3}% 29
\BOOKMARK [2][-]{subsection.2.3.2}{\376\377\000C\001\241\000\040\000c\036\245\000u\000\040\000t\036\325\000\040\000c\000h\036\351\000c}{section.2.3}% 30
\BOOKMARK [2][-]{subsection.2.3.3}{\376\377\000M\000\364\000\040\000t\036\243\000\040\000c\000\364\000n\000g\000\040\000v\000i\036\307\000c\000\040\000\050\000J\000o\000b\000\040\000D\000e\000s\000c\000r\000i\000p\000t\000i\000o\000n\000\051}{section.2.3}% 31
\BOOKMARK [0][-]{chapter.3}{\376\377\000T\000h\000i\036\277\000t\000\040\000k\036\277\000\040\000G\000i\000a\000o\000\040\000d\000i\036\307\000n\000\040\000v\000\340\000\040\000H\036\241\000\040\000t\036\247\000n\000g\000\040\000H\036\307\000\040\000t\000h\036\321\000n\000g}{}% 32
\BOOKMARK [1][-]{section.3.1}{\376\377\000U\000s\000e\000\040\000C\000a\000s\000e\000\040\000v\000\340\000\040\000Y\000\352\000u\000\040\000c\036\247\000u\000\040\000c\000h\036\351\000c\000\040\000n\001\003\000n\000g}{chapter.3}% 33
\BOOKMARK [1][-]{section.3.2}{\376\377\000T\000h\000i\036\277\000t\000\040\000k\036\277\000\040\000U\000I\000/\000U\000X}{chapter.3}% 34
\BOOKMARK [2][-]{subsection.3.2.1}{\376\377\000B\000r\000a\000n\000d\000\040\000I\000d\000e\000n\000t\000i\000t\000y\000\040\000v\000\340\000\040\000N\000g\000u\000y\000\352\000n\000\040\000t\036\257\000c\000\040\000t\000h\000i\036\277\000t\000\040\000k\036\277}{section.3.2}% 35
\BOOKMARK [2][-]{subsection.3.2.2}{\376\377\000M\000o\000c\000k\000u\000p\000\040\000\046\000\040\000W\000i\000r\000e\000f\000r\000a\000m\000e\000\040\000c\000\341\000c\000\040\000m\000\340\000n\000\040\000h\000\354\000n\000h\000\040\000c\000h\000\355\000n\000h}{section.3.2}% 36
\BOOKMARK [1][-]{section.3.3}{\376\377\000K\000i\036\277\000n\000\040\000t\000r\000\372\000c\000\040\000h\036\307\000\040\000t\000h\036\321\000n\000g}{chapter.3}% 37
\BOOKMARK [2][-]{subsection.3.3.1}{\376\377\000S\000y\000s\000t\000e\000m\000\040\000A\000r\000c\000h\000i\000t\000e\000c\000t\000u\000r\000e\000\040\000D\000i\000a\000g\000r\000a\000m}{section.3.3}% 38
\BOOKMARK [2][-]{subsection.3.3.2}{\376\377\000C\000\364\000n\000g\000\040\000n\000g\000h\036\307\000\040\000S\000t\000a\000c\000k\000\040\001\021\036\301\000\040\000x\000u\036\245\000t}{section.3.3}% 39
\BOOKMARK [2][-]{subsection.3.3.3}{\376\377\000T\000h\000i\036\277\000t\000\040\000k\036\277\000\040\000C\000S\000D\000L\000\040\000\050\000E\000R\000\040\000D\000i\000a\000g\000r\000a\000m\000\051}{section.3.3}% 40
\BOOKMARK [2][-]{subsection.3.3.4}{\376\377\000T\000\355\000n\000h\000\040\000m\036\337\000\040\000r\036\331\000n\000g\000\040\000v\000\340\000\040\000S\000c\000a\000l\000a\000b\000i\000l\000i\000t\000y}{section.3.3}% 41
\BOOKMARK [0][-]{chapter.4}{\376\377\000H\000i\036\307\000n\000\040\000t\000h\036\361\000c\000\040\000H\036\307\000\040\000t\000h\036\321\000n\000g\000\040\000v\000\340\000\040\000D\000e\000m\000o}{}% 42
\BOOKMARK [1][-]{section.4.1}{\376\377\000K\000i\036\277\000n\000\040\000t\000r\000\372\000c\000\040\000h\000i\036\307\000n\000\040\000t\000h\036\361\000c}{chapter.4}% 43
\BOOKMARK [2][-]{subsection.4.1.1}{\376\377\000D\000a\000t\000a\000b\000a\000s\000e\000\040\000I\000m\000p\000l\000e\000m\000e\000n\000t\000a\000t\000i\000o\000n\000\040\000\050\000P\000o\000s\000t\000g\000r\000e\000S\000Q\000L\000\051}{section.4.1}% 44
\BOOKMARK [2][-]{subsection.4.1.2}{\376\377\000B\000a\000c\000k\000e\000n\000d\000\040\000I\000m\000p\000l\000e\000m\000e\000n\000t\000a\000t\000i\000o\000n\000\040\000\050\000N\000o\000d\000e\000.\000j\000s\000\040\000/\000\040\000E\000x\000p\000r\000e\000s\000s\000\040\000/\000\040\000N\000e\000s\000t\000J\000S\000.\000.\000.\000\051}{section.4.1}% 45
\BOOKMARK [2][-]{subsection.4.1.3}{\376\377\000F\000r\000o\000n\000t\000e\000n\000d\000\040\000I\000m\000p\000l\000e\000m\000e\000n\000t\000a\000t\000i\000o\000n}{section.4.1}% 46
\BOOKMARK [1][-]{section.4.2}{\376\377\000C\000\341\000c\000\040\000c\000h\036\351\000c\000\040\000n\001\003\000n\000g\000\040\001\021\000\343\000\040\000t\000r\000i\036\303\000n\000\040\000k\000h\000a\000i}{chapter.4}% 47
\BOOKMARK [1][-]{section.4.3}{\376\377\000K\000i\036\303\000m\000\040\000t\000h\036\355\000\040\000h\036\307\000\040\000t\000h\036\321\000n\000g}{chapter.4}% 48
\BOOKMARK [2][-]{subsection.4.3.1}{\376\377\000U\000n\000i\000t\000\040\000T\000e\000s\000t\000\040\000\046\000\040\000I\000n\000t\000e\000g\000r\000a\000t\000i\000o\000n\000\040\000T\000e\000s\000t}{section.4.3}% 49
\BOOKMARK [2][-]{subsection.4.3.2}{\376\377\000U\000s\000e\000r\000\040\000A\000c\000c\000e\000p\000t\000a\000n\000c\000e\000\040\000T\000e\000s\000t\000\040\000\050\000U\000A\000T\000\051}{section.4.3}% 50
\BOOKMARK [2][-]{subsection.4.3.3}{\376\377\000A\000u\000t\000o\000m\000a\000t\000i\000o\000n\000\040\000T\000e\000s\000t\000\040\000\050\000n\036\277\000u\000\040\000c\000\363\000\051}{section.4.3}% 51
\BOOKMARK [1][-]{section.4.4}{\376\377\000D\000e\000m\000o\000\040\000h\036\307\000\040\000t\000h\036\321\000n\000g}{chapter.4}% 52
